<html>
<body>
<pre>
<h1>µVision Build Log</h1>
<h2>Tool Versions:</h2>
IDE-Version: µVision V5.22.0.0
Copyright (C) 2016 ARM Ltd and ARM Germany GmbH. All rights reserved.
License Information: knst knst, knst, LIC=----
 
Tool Versions:
Toolchain:       MDK-Lite  Version: 5.22
Toolchain Path:  C:\Keil_v5\ARM\ARMCC\Bin
C Compiler:      Armcc.exe V5.06 update 4 (build 422)
Assembler:       Armasm.exe V5.06 update 4 (build 422)
Linker/Locator:  ArmLink.exe V5.06 update 4 (build 422)
Library Manager: ArmAr.exe V5.06 update 4 (build 422)
Hex Converter:   FromElf.exe V5.06 update 4 (build 422)
CPU DLL:         SARMCM3.DLL V5.22
Dialog DLL:      DCM.DLL V1.13.9.0
Target DLL:      UL2CM3.DLL V1.159.0.0
Dialog DLL:      TCM.DLL V1.21.0.0
 
<h2>Project:</h2>
W:\papa\TEST\nami_test.uvprojx
Project File Date:  12/03/2016

<h2>Output:</h2>
*** Using Compiler 'V5.06 update 4 (build 422)', folder: 'C:\Keil_v5\ARM\ARMCC\Bin'
Rebuild target 'MDR1986BE92'
compiling core_cm3.c...
assembling startup_MDR32F9Qx.s...
compiling system_MDR32F9Qx.c...
compiling MDR32F9Qx_adc.c...
compiling MDR32F9Qx_bkp.c...
compiling MDR32F9Qx_dma.c...
compiling MDR32F9Qx_eeprom.c...
compiling MDR32F9Qx_port.c...
compiling MDR32F9Qx_power.c...
compiling MDR32F9Qx_rst_clk.c...
Libraries\MDR32F9Qx_StdPeriph_Driver\src\MDR32F9Qx_rst_clk.c(417): warning:  #177-D: variable "temp"  was declared but never referenced
    uint32_t temp = 0;
Libraries\MDR32F9Qx_StdPeriph_Driver\src\MDR32F9Qx_rst_clk.c(499): warning:  #177-D: variable "temp"  was declared but never referenced
    uint32_t temp = 0;
Libraries\MDR32F9Qx_StdPeriph_Driver\src\MDR32F9Qx_rst_clk.c(648): warning:  #177-D: variable "temp"  was declared but never referenced
    uint32_t temp = 0;
Libraries\MDR32F9Qx_StdPeriph_Driver\src\MDR32F9Qx_rst_clk.c(682): warning:  #177-D: variable "temp"  was declared but never referenced
    uint32_t temp;
Libraries\MDR32F9Qx_StdPeriph_Driver\src\MDR32F9Qx_rst_clk.c(864): warning:  #177-D: variable "temp"  was declared but never referenced
    uint32_t temp = 0;
Libraries\MDR32F9Qx_StdPeriph_Driver\src\MDR32F9Qx_rst_clk.c(898): warning:  #177-D: variable "temp"  was declared but never referenced
    uint32_t temp = 0;
Libraries\MDR32F9Qx_StdPeriph_Driver\src\MDR32F9Qx_rst_clk.c(958): warning:  #177-D: variable "temp"  was declared but never referenced
    uint32_t temp = 0;
Libraries\MDR32F9Qx_StdPeriph_Driver\src\MDR32F9Qx_rst_clk.c(994): warning:  #177-D: variable "temp"  was declared but never referenced
    uint32_t temp = 0;
Libraries\MDR32F9Qx_StdPeriph_Driver\src\MDR32F9Qx_rst_clk.c(1089): warning:  #177-D: variable "temp"  was declared but never referenced
    uint32_t temp = 0;
Libraries\MDR32F9Qx_StdPeriph_Driver\src\MDR32F9Qx_rst_clk.c(1259): warning:  #177-D: variable "temp"  was declared but never referenced
    uint32_t temp = 0;
Libraries\MDR32F9Qx_StdPeriph_Driver\src\MDR32F9Qx_rst_clk.c(1325): warning:  #177-D: variable "temp"  was declared but never referenced
    uint32_t temp = 0;
Libraries\MDR32F9Qx_StdPeriph_Driver\src\MDR32F9Qx_rst_clk.c: 11 warnings, 0 errors
compiling MDR32F9Qx_ssp.c...
compiling MDR32F9Qx_timer.c...
compiling MDR32F9Qx_uart.c...
compiling Main.c...
compiling MDR32F9Qx_it.c...
linking...
Program Size: Code=5412 RO-data=224 RW-data=52 ZI-data=1704  
FromELF: creating hex file...
".\Objects\nami_test.axf" - 0 Error(s), 11 Warning(s).

<h2>Collection of Component include folders:</h2>
  W:\papa\TEST\RTE\_MDR1986BE92
  C:\Keil_v5\ARM\PACK\Keil\MDR1986BExx\1.4\Libraries\CMSIS\CM3\DeviceSupport\MDR32F9Qx\inc

<h2>Collection of Component Files used:</h2>
Build Time Elapsed:  00:00:03
</pre>
</body>
</html>
