<html>
<body>
<pre>
<h1>µVision Build Log</h1>
<h2>Tool Versions:</h2>
IDE-Version: µVision V5.15
Copyright (C) 2015 ARM Ltd and ARM Germany GmbH. All rights reserved.
License Information: 1 2, 3, LIC=DSN01-CSKML-ZEHH2-91HG1-3HTEG-ZC87G
 
Tool Versions:
Toolchain:       MDK-ARM Professional  Version: 5.15.0
Toolchain Path:  C:\Keil_v5\ARM\ARMCC\Bin
C Compiler:      Armcc.exe V5.05 update 2 (build 169)
Assembler:       Armasm.exe V5.05 update 2 (build 169)
Linker/Locator:  ArmLink.exe V5.05 update 2 (build 169)
Library Manager: ArmAr.exe V5.05 update 2 (build 169)
Hex Converter:   FromElf.exe V5.05 update 2 (build 169)
CPU DLL:         SARMCM3.DLL V5.15.0
Dialog DLL:      DCM.DLL V1.13.2.0
Target DLL:      UL2CM3.DLL V1.155.8.0
Dialog DLL:      TCM.DLL V1.14.5.0
 
<h2>Project:</h2>
C:\git\nami-test\src\TestNami.uvprojx
Project File Date:  12/04/2016

<h2>Output:</h2>
*** Using Compiler 'V5.05 update 2 (build 169)', folder: 'C:\Keil_v5\ARM\ARMCC\Bin'
Rebuild target 'MDR1986BE92'
compiling core_cm3.c...
compiling system_MDR32F9Qx.c...
assembling startup_MDR32F9Qx.s...
compiling MDR32F9Qx_adc.c...
compiling MDR32F9Qx_bkp.c...
compiling MDR32F9Qx_dma.c...
compiling MDR32F9Qx_eeprom.c...
compiling MDR32F9Qx_port.c...
compiling MDR32F9Qx_power.c...
compiling MDR32F9Qx_rst_clk.c...
Libraries\MDR32F9Qx_StdPeriph_Driver\src\MDR32F9Qx_rst_clk.c(417): warning:  #177-D: variable "temp" was declared but never referenced
    uint32_t temp = 0;
Libraries\MDR32F9Qx_StdPeriph_Driver\src\MDR32F9Qx_rst_clk.c(499): warning:  #177-D: variable "temp" was declared but never referenced
    uint32_t temp = 0;
Libraries\MDR32F9Qx_StdPeriph_Driver\src\MDR32F9Qx_rst_clk.c(648): warning:  #177-D: variable "temp" was declared but never referenced
    uint32_t temp = 0;
Libraries\MDR32F9Qx_StdPeriph_Driver\src\MDR32F9Qx_rst_clk.c(682): warning:  #177-D: variable "temp" was declared but never referenced
    uint32_t temp;
Libraries\MDR32F9Qx_StdPeriph_Driver\src\MDR32F9Qx_rst_clk.c(864): warning:  #177-D: variable "temp" was declared but never referenced
    uint32_t temp = 0;
Libraries\MDR32F9Qx_StdPeriph_Driver\src\MDR32F9Qx_rst_clk.c(898): warning:  #177-D: variable "temp" was declared but never referenced
    uint32_t temp = 0;
Libraries\MDR32F9Qx_StdPeriph_Driver\src\MDR32F9Qx_rst_clk.c(958): warning:  #177-D: variable "temp" was declared but never referenced
    uint32_t temp = 0;
Libraries\MDR32F9Qx_StdPeriph_Driver\src\MDR32F9Qx_rst_clk.c(994): warning:  #177-D: variable "temp" was declared but never referenced
    uint32_t temp = 0;
Libraries\MDR32F9Qx_StdPeriph_Driver\src\MDR32F9Qx_rst_clk.c(1089): warning:  #177-D: variable "temp" was declared but never referenced
    uint32_t temp = 0;
Libraries\MDR32F9Qx_StdPeriph_Driver\src\MDR32F9Qx_rst_clk.c(1259): warning:  #177-D: variable "temp" was declared but never referenced
    uint32_t temp = 0;
Libraries\MDR32F9Qx_StdPeriph_Driver\src\MDR32F9Qx_rst_clk.c(1325): warning:  #177-D: variable "temp" was declared but never referenced
    uint32_t temp = 0;
Libraries\MDR32F9Qx_StdPeriph_Driver\src\MDR32F9Qx_rst_clk.c: 11 warnings, 0 errors
compiling MDR32F9Qx_ssp.c...
compiling MDR32F9Qx_timer.c...
compiling MDR32F9Qx_uart.c...
compiling Main.c...
linking...
Program Size: Code=5956 RO-data=224 RW-data=16 ZI-data=1724  
FromELF: creating hex file...
After Build - User command #1: copyOutput.bat
